../bases-work/artigo/artigo_a.mst
../bases-work/artigo/artigo_a.xrf
../bases-work/artigo/artigo_b.mst
../bases-work/artigo/artigo_b.xrf
../bases-work/artigo/artigo_c.mst
../bases-work/artigo/artigo_c.xrf
../bases-work/artigo/artigo_d.mst
../bases-work/artigo/artigo_d.xrf
../bases-work/artigo/artigo_e.mst
../bases-work/artigo/artigo_e.xrf
../bases-work/artigo/artigo_f.mst
../bases-work/artigo/artigo_f.xrf
../bases-work/artigo/artigo_g.mst
../bases-work/artigo/artigo_g.xrf
../bases-work/artigo/artigo_h.mst
../bases-work/artigo/artigo_h.xrf
../bases-work/artigo/artigo_i.mst
../bases-work/artigo/artigo_i.xrf
../bases-work/artigo/artigo_j.mst
../bases-work/artigo/artigo_j.xrf
../bases-work/artigo/artigo_l.mst
../bases-work/artigo/artigo_l.xrf
../bases-work/artigo/artigo_m.mst
../bases-work/artigo/artigo_m.xrf
../bases-work/artigo/artigo_n.mst
../bases-work/artigo/artigo_n.xrf
../bases-work/artigo/artigo_o.mst
../bases-work/artigo/artigo_o.xrf
../bases-work/artigo/artigo_p.mst
../bases-work/artigo/artigo_p.xrf
../bases-work/artigo/artigo_q.mst
../bases-work/artigo/artigo_q.xrf
../bases-work/artigo/artigo_r.mst
../bases-work/artigo/artigo_r.xrf
../bases-work/artigo/artigo_s.mst
../bases-work/artigo/artigo_s.xrf
