../bases/title/logo.fst
../bases/title/logo.cnt
../bases/title/logo.ifp
../bases/title/logo.l01
../bases/title/logo.l02
../bases/title/logo.n01
../bases/title/logo.n02
../bases/title/logo.mst
../bases/title/logo.xrf
../bases/title/serarea.cip
../bases/title/serarea.fst
../bases/title/serarea.cnt
../bases/title/serarea.ifp
../bases/title/serarea.l01
../bases/title/serarea.l02
../bases/title/serarea.n01
../bases/title/serarea.n02
../bases/title/title.fst
../bases/title/title.iso
../bases/title/title.cnt
../bases/title/title.ifp
../bases/title/title.l01
../bases/title/title.l02
../bases/title/title.n01
../bases/title/title.n02
../bases/title/title.mst
../bases/title/title.xrf
../bases/title/titsrc.fst
../bases/title/titsrc.ifp
../bases/title/titsrc.cnt
../bases/title/titsrc.l01
../bases/title/titsrc.l02
../bases/title/titsrc.n01
../bases/title/titsrc.n02
../bases/title/titsrcp.fst
../bases/title/titsrcp.cnt
../bases/title/titsrcp.ifp
../bases/title/titsrcp.l01
../bases/title/titsrcp.l02
../bases/title/titsrcp.n01
../bases/title/titsrcp.n02
